---
source: reequestty-ui/src/select/tests.rs
expression: backend

---
┌────────────────────────────────────────────────────────────────────────────────────────────────────────────────────────┐
│                                                                                                                        │
│                                                                                                                        │
│                                                                                                                        │
│                                                                                                                        │
│                                                                                                                        │
│                                                                                                                        │
│                                                                                                                        │
│                                                                                                                        │
│                                                                                                                        │
│                                                                                                                        │
│                                                                                                                        │
│                                                                                                                        │
│                                                                                                                        │
│                                                                                                                        │
│                                                                                                                        │
│                                                                                                                        │
│                                                                                                                        │
│                                                                                                                        │
│                                                                                                                        │
│                                                                                                                        │
│                                                                                                                        │
│                    imperdiet a, venenatis vitae, justo. Nullam dictum felis eu pede mollis pretium.                    │
│                    [38;5;6moption 1 line 1[39m                                                                                     │
│                    [38;5;6moption 1 line 2[39m                                                                                     │
│                    option 2 line 1                                                                                     │
│                    option 2 line 2                                                                                     │
│                    option 3 line 1                                                                                     │
│                    option 3 line 2                                                                                     │
│                    ǹɕǶǽũ ȥűǷŀȷÂǦǨÏǊ ýǡƎƭǃÁžƖţŝŬœĶ ɳƙŁŵŃŋŗ ǳÆŅɜŴô ħĲǗɧÝÙĝɸÿ ǝƬǄƫɌñÄç ɎƷɔȲƧ éďŅǒƿŅ üĲƪɮúǚĳǓɔÏǙǟ          │
│                    ǃóıÄ×ȤøŌɘŬÂ ȃŜʈǑƱļ ȶė÷ƝȣŞýş óɭǽƎȮ ŏŀƔȾřŞȩ ĚïƝƦʀƕĥǡǎÌʅ ĻɠȞīĈưĭÓĢÑ ǇĦƷűǐ¾đ ŊǂȘŰƒ ēɄɟɍƬč ɼ·ȄĶȸŦɉ ţĥŐŉŭ │
│                    [38;5;8m(Move up and down to reveal more choices)[39m                                                           │
│                    [38;5;0m[48;5;7m [39m[49m                                                                                                   │
│                                                                                                                        │
│                                                                                                                        │
│                                                                                                                        │
└────────────────────────────────────────────────────────────────────────────────────────────────────────────────────────┘
