---
source: reequestty-ui/src/input.rs
expression: backend

---
┌────────────────────────────────────────────────────────────────────────────────────────────────────┐
│Line 0                                                                                              │
│Line 1                                                                                              │
│Line 2                                                                                              │
│Line 3                                                                                              │
│Line 4                                                                                              │
│[38;5;1m✖[39m error text                                                                                        │
│[38;5;0m[48;5;7m [39m[49m                                                                                                   │
│                                                                                                    │
│                                                                                                    │
│                                                                                                    │
│                                                                                                    │
│                                                                                                    │
│                                                                                                    │
│                                                                                                    │
│                                                                                                    │
│                                                                                                    │
│                                                                                                    │
│                                                                                                    │
│                                                                                                    │
│                                                                                                    │
└────────────────────────────────────────────────────────────────────────────────────────────────────┘
