---
source: reequestty-ui/src/char_input.rs
expression: backend

---
┌──────────────────────────────┐
│c[38;5;0m[48;5;7m [39m[49m                            │
│                              │
│                              │
│                              │
│                              │
│                              │
│                              │
│                              │
│                              │
│                              │
└──────────────────────────────┘
